[INFO] Scanning for projects...
[INFO] 
[INFO] -----------------------< com.safeline:safeline >------------------------
[INFO] Building safeline 0.0.1-SNAPSHOT
[INFO]   from pom.xml
[INFO] --------------------------------[ jar ]---------------------------------
[INFO] 
[INFO] --- resources:3.3.1:resources (default-resources) @ safeline ---
[INFO] Copying 1 resource from src\main\resources to target\classes
[INFO] Copying 0 resource from src\main\resources to target\classes
[INFO] 
[INFO] --- compiler:3.11.0:compile (default-compile) @ safeline ---
[INFO] Nothing to compile - all classes are up to date
[INFO] ------------------------------------------------------------------------
[INFO] BUILD SUCCESS
[INFO] ------------------------------------------------------------------------
[INFO] Total time:  1.373 s
[INFO] Finished at: 2026-03-16T23:35:32+05:30
[INFO] ------------------------------------------------------------------------
