[INFO] Scanning for projects...
[INFO] 
[INFO] -----------------------< com.safeline:safeline >------------------------
[INFO] Building safeline 0.0.1-SNAPSHOT
[INFO]   from pom.xml
[INFO] --------------------------------[ jar ]---------------------------------
[INFO] 
[INFO] >>> spring-boot:3.2.3:run (default-cli) > test-compile @ safeline >>>
[INFO] 
[INFO] --- resources:3.3.1:resources (default-resources) @ safeline ---
[INFO] Copying 1 resource from src\main\resources to target\classes
[INFO] Copying 0 resource from src\main\resources to target\classes
[INFO] 
[INFO] --- compiler:3.11.0:compile (default-compile) @ safeline ---
[INFO] Nothing to compile - all classes are up to date
[INFO] 
[INFO] --- resources:3.3.1:testResources (default-testResources) @ safeline ---
[INFO] skip non existing resourceDirectory D:\safeline\backend\src\test\resources
[INFO] 
[INFO] --- compiler:3.11.0:testCompile (default-testCompile) @ safeline ---
[INFO] No sources to compile
[INFO] 
[INFO] <<< spring-boot:3.2.3:run (default-cli) < test-compile @ safeline <<<
[INFO] 
[INFO] 
[INFO] --- spring-boot:3.2.3:run (default-cli) @ safeline ---
[INFO] Attaching agents: []

  .   ____          _            __ _ _
 /\\ / ___'_ __ _ _(_)_ __  __ _ \ \ \ \
( ( )\___ | '_ | '_| | '_ \/ _` | \ \ \ \
 \\/  ___)| |_)| | | | | || (_| |  ) ) ) )
  '  |____| .__|_| |_|_| |_\__, | / / / /
 =========|_|==============|___/=/_/_/_/
 :: Spring Boot ::                (v3.2.3)

2026-03-17T18:21:41.774+05:30  INFO 17224 --- [safeline] [           main] c.safeline.safeline.SafelineApplication  : Starting SafelineApplication using Java 17.0.12 with PID 17224 (D:\safeline\backend\target\classes started by tamil in D:\safeline\backend)
2026-03-17T18:21:41.778+05:30 DEBUG 17224 --- [safeline] [           main] c.safeline.safeline.SafelineApplication  : Running with Spring Boot v3.2.3, Spring v6.1.4
2026-03-17T18:21:41.780+05:30  INFO 17224 --- [safeline] [           main] c.safeline.safeline.SafelineApplication  : No active profile set, falling back to 1 default profile: "default"
2026-03-17T18:21:43.668+05:30  INFO 17224 --- [safeline] [           main] .s.d.r.c.RepositoryConfigurationDelegate : Bootstrapping Spring Data JPA repositories in DEFAULT mode.
2026-03-17T18:21:43.832+05:30  INFO 17224 --- [safeline] [           main] .s.d.r.c.RepositoryConfigurationDelegate : Finished Spring Data repository scanning in 150 ms. Found 10 JPA repository interfaces.
2026-03-17T18:21:45.851+05:30  INFO 17224 --- [safeline] [           main] o.s.b.w.embedded.tomcat.TomcatWebServer  : Tomcat initialized with port 8085 (http)
2026-03-17T18:21:45.873+05:30  INFO 17224 --- [safeline] [           main] o.apache.catalina.core.StandardService   : Starting service [Tomcat]
2026-03-17T18:21:45.874+05:30  INFO 17224 --- [safeline] [           main] o.apache.catalina.core.StandardEngine    : Starting Servlet engine: [Apache Tomcat/10.1.19]
2026-03-17T18:21:46.050+05:30  INFO 17224 --- [safeline] [           main] o.a.c.c.C.[Tomcat].[localhost].[/]       : Initializing Spring embedded WebApplicationContext
2026-03-17T18:21:46.051+05:30  INFO 17224 --- [safeline] [           main] w.s.c.ServletWebServerApplicationContext : Root WebApplicationContext: initialization completed in 4117 ms
2026-03-17T18:21:46.426+05:30  INFO 17224 --- [safeline] [           main] o.hibernate.jpa.internal.util.LogHelper  : HHH000204: Processing PersistenceUnitInfo [name: default]
2026-03-17T18:21:46.516+05:30  INFO 17224 --- [safeline] [           main] org.hibernate.Version                    : HHH000412: Hibernate ORM core version 6.4.4.Final
2026-03-17T18:21:46.579+05:30  INFO 17224 --- [safeline] [           main] o.h.c.internal.RegionFactoryInitiator    : HHH000026: Second-level cache disabled
2026-03-17T18:21:47.009+05:30  INFO 17224 --- [safeline] [           main] o.s.o.j.p.SpringPersistenceUnitInfo      : No LoadTimeWeaver setup: ignoring JPA class transformer
2026-03-17T18:21:47.057+05:30  WARN 17224 --- [safeline] [           main] com.zaxxer.hikari.HikariConfig           : HikariPool-1 - idleTimeout has been set but has no effect because the pool is operating as a fixed size pool.
2026-03-17T18:21:47.057+05:30  INFO 17224 --- [safeline] [           main] com.zaxxer.hikari.HikariDataSource       : HikariPool-1 - Starting...
2026-03-17T18:21:47.678+05:30  INFO 17224 --- [safeline] [           main] com.zaxxer.hikari.pool.HikariPool        : HikariPool-1 - Added connection org.postgresql.jdbc.PgConnection@1b791dca
2026-03-17T18:21:47.682+05:30  INFO 17224 --- [safeline] [           main] com.zaxxer.hikari.HikariDataSource       : HikariPool-1 - Start completed.
2026-03-17T18:21:50.539+05:30  INFO 17224 --- [safeline] [           main] o.h.e.t.j.p.i.JtaPlatformInitiator       : HHH000489: No JTA platform available (set 'hibernate.transaction.jta.platform' to enable JTA platform integration)
2026-03-17T18:21:51.062+05:30  INFO 17224 --- [safeline] [           main] j.LocalContainerEntityManagerFactoryBean : Initialized JPA EntityManagerFactory for persistence unit 'default'
2026-03-17T18:21:51.942+05:30  INFO 17224 --- [safeline] [           main] o.s.d.j.r.query.QueryEnhancerFactory     : Hibernate is in classpath; If applicable, HQL parser will be used.
2026-03-17T18:21:52.973+05:30 DEBUG 17224 --- [safeline] [           main] c.s.safeline.security.JwtAuthFilter      : Filter 'jwtAuthFilter' configured for use
2026-03-17T18:21:52.973+05:30 DEBUG 17224 --- [safeline] [           main] c.s.s.security.TenantHeaderFilter        : Filter 'tenantHeaderFilter' configured for use
2026-03-17T18:21:54.440+05:30  WARN 17224 --- [safeline] [           main] JpaBaseConfiguration$JpaWebConfiguration : spring.jpa.open-in-view is enabled by default. Therefore, database queries may be performed during view rendering. Explicitly configure spring.jpa.open-in-view to disable this warning
2026-03-17T18:21:54.904+05:30 DEBUG 17224 --- [safeline] [           main] s.w.s.m.m.a.RequestMappingHandlerMapping : 48 mappings in 'requestMappingHandlerMapping'
2026-03-17T18:21:55.091+05:30 DEBUG 17224 --- [safeline] [           main] o.s.w.s.handler.SimpleUrlHandlerMapping  : Patterns [/webjars/**, /**] in 'resourceHandlerMapping'
2026-03-17T18:21:55.260+05:30  INFO 17224 --- [safeline] [           main] o.s.s.web.DefaultSecurityFilterChain     : Will secure any request with [org.springframework.security.web.session.DisableEncodeUrlFilter@497ccf3, org.springframework.security.web.context.request.async.WebAsyncManagerIntegrationFilter@55732ae6, org.springframework.security.web.context.SecurityContextHolderFilter@1285ec6, org.springframework.security.web.header.HeaderWriterFilter@18247d9b, org.springframework.web.filter.CorsFilter@743167c7, org.springframework.security.web.authentication.logout.LogoutFilter@6285027a, com.safeline.safeline.security.JwtAuthFilter@5b084c4c, org.springframework.security.web.savedrequest.RequestCacheAwareFilter@12fbc568, org.springframework.security.web.servletapi.SecurityContextHolderAwareRequestFilter@3dd2a70d, org.springframework.security.web.authentication.AnonymousAuthenticationFilter@6d5a4e59, org.springframework.security.web.session.SessionManagementFilter@7eeabaf3, org.springframework.security.web.access.ExceptionTranslationFilter@3f9e38d4, org.springframework.security.web.access.intercept.AuthorizationFilter@1606ecbb]
2026-03-17T18:21:55.533+05:30 DEBUG 17224 --- [safeline] [           main] s.w.s.m.m.a.RequestMappingHandlerAdapter : ControllerAdvice beans: 0 @ModelAttribute, 0 @InitBinder, 1 RequestBodyAdvice, 1 ResponseBodyAdvice
2026-03-17T18:21:55.618+05:30 DEBUG 17224 --- [safeline] [           main] .m.m.a.ExceptionHandlerExceptionResolver : ControllerAdvice beans: 1 @ExceptionHandler, 1 ResponseBodyAdvice
2026-03-17T18:21:55.954+05:30  WARN 17224 --- [safeline] [           main] ConfigServletWebServerApplicationContext : Exception encountered during context initialization - cancelling refresh attempt: org.springframework.context.ApplicationContextException: Failed to start bean 'webServerStartStop'
2026-03-17T18:21:55.961+05:30  INFO 17224 --- [safeline] [           main] j.LocalContainerEntityManagerFactoryBean : Closing JPA EntityManagerFactory for persistence unit 'default'
2026-03-17T18:21:55.965+05:30  INFO 17224 --- [safeline] [           main] com.zaxxer.hikari.HikariDataSource       : HikariPool-1 - Shutdown initiated...
2026-03-17T18:21:55.993+05:30  INFO 17224 --- [safeline] [           main] com.zaxxer.hikari.HikariDataSource       : HikariPool-1 - Shutdown completed.
2026-03-17T18:21:56.034+05:30  INFO 17224 --- [safeline] [           main] .s.b.a.l.ConditionEvaluationReportLogger : 

Error starting ApplicationContext. To display the condition evaluation report re-run your application with 'debug' enabled.
2026-03-17T18:21:56.068+05:30 ERROR 17224 --- [safeline] [           main] o.s.b.d.LoggingFailureAnalysisReporter   : 

***************************
APPLICATION FAILED TO START
***************************

Description:

Web server failed to start. Port 8085 was already in use.

Action:

Identify and stop the process that's listening on port 8085 or configure this application to listen on another port.

[INFO] ------------------------------------------------------------------------
[INFO] BUILD FAILURE
[INFO] ------------------------------------------------------------------------
[INFO] Total time:  20.135 s
[INFO] Finished at: 2026-03-17T18:21:56+05:30
[INFO] ------------------------------------------------------------------------
[ERROR] Failed to execute goal org.springframework.boot:spring-boot-maven-plugin:3.2.3:run (default-cli) on project safeline: Process terminated with exit code: 1 -> [Help 1]
[ERROR] 
[ERROR] To see the full stack trace of the errors, re-run Maven with the -e switch.
[ERROR] Re-run Maven using the -X switch to enable full debug logging.
[ERROR] 
[ERROR] For more information about the errors and possible solutions, please read the following articles:
[ERROR] [Help 1] http://cwiki.apache.org/confluence/display/MAVEN/MojoExecutionException
