            on p1_1.id=p1_0.permission_id 
    where
        r1_0.user_id=?
DEBUG: TenantFilterAspect - Active Tenant ID: null
Hibernate: 
    select
        t1_0.id,
        t1_0.active,
        t1_0.created_at,
        t1_0.domain,
        t1_0.name 
    from
        tenants t1_0
DEBUG: TenantFilterAspect - Active Tenant ID: null
Hibernate: 
    select
        c1_0.id,
        c1_0.description,
        c1_0.name,
        c1_0.tenant_id 
    from
        categories c1_0 
    left join
        tenants t1_0 
            on t1_0.id=c1_0.tenant_id 
    where
        t1_0.id=?
DEBUG: TenantFilterAspect - Active Tenant ID: null
Hibernate: 
    select
        c1_0.id,
        c1_0.description,
        c1_0.name,
        c1_0.tenant_id 
    from
        categories c1_0 
    left join
        tenants t1_0 
            on t1_0.id=c1_0.tenant_id 
    where
        t1_0.id=?
DEBUG: TenantFilterAspect - Active Tenant ID: null
Hibernate: 
    select
        c1_0.id,
        c1_0.description,
        c1_0.name,
        c1_0.tenant_id 
    from
        categories c1_0 
    left join
        tenants t1_0 
            on t1_0.id=c1_0.tenant_id 
    where
        t1_0.id=?
DEBUG: TenantFilterAspect - Active Tenant ID: null
Hibernate: 
    select
        count(*) 
    from
        security_logs sl1_0
DEBUG: TenantFilterAspect - Active Tenant ID: null
Hibernate: 
    select
        count(*) 
    from
        complaints c1_0
2026-03-17T15:30:09.567+05:30  INFO 6000 --- [safeline] [nio-8085-exec-1] o.a.c.c.C.[Tomcat].[localhost].[/]       : Initializing Spring DispatcherServlet 'dispatcherServlet'
2026-03-17T15:30:09.567+05:30  INFO 6000 --- [safeline] [nio-8085-exec-1] o.s.web.servlet.DispatcherServlet        : Initializing Servlet 'dispatcherServlet'
2026-03-17T15:30:09.568+05:30 DEBUG 6000 --- [safeline] [nio-8085-exec-1] o.s.web.servlet.DispatcherServlet        : Detected StandardServletMultipartResolver
2026-03-17T15:30:09.568+05:30 DEBUG 6000 --- [safeline] [nio-8085-exec-1] o.s.web.servlet.DispatcherServlet        : Detected AcceptHeaderLocaleResolver
2026-03-17T15:30:09.568+05:30 DEBUG 6000 --- [safeline] [nio-8085-exec-1] o.s.web.servlet.DispatcherServlet        : Detected FixedThemeResolver
2026-03-17T15:30:09.568+05:30 DEBUG 6000 --- [safeline] [nio-8085-exec-1] o.s.web.servlet.DispatcherServlet        : Detected org.springframework.web.servlet.view.DefaultRequestToViewNameTranslator@63f1d374
2026-03-17T15:30:09.569+05:30 DEBUG 6000 --- [safeline] [nio-8085-exec-1] o.s.web.servlet.DispatcherServlet        : Detected org.springframework.web.servlet.support.SessionFlashMapManager@1100363d
2026-03-17T15:30:09.569+05:30 DEBUG 6000 --- [safeline] [nio-8085-exec-1] o.s.web.servlet.DispatcherServlet        : enableLoggingRequestDetails='false': request parameters and headers will be masked to prevent unsafe logging of potentially sensitive data
2026-03-17T15:30:09.569+05:30  INFO 6000 --- [safeline] [nio-8085-exec-1] o.s.web.servlet.DispatcherServlet        : Completed initialization in 1 ms
2026-03-17T15:30:09.578+05:30 DEBUG 6000 --- [safeline] [nio-8085-exec-1] o.s.security.web.FilterChainProxy        : Securing HEAD /
2026-03-17T15:30:09.583+05:30 DEBUG 6000 --- [safeline] [nio-8085-exec-1] o.s.s.w.a.AnonymousAuthenticationFilter  : Set SecurityContextHolder to anonymous SecurityContext
2026-03-17T15:30:09.585+05:30 DEBUG 6000 --- [safeline] [nio-8085-exec-1] o.s.s.w.a.Http403ForbiddenEntryPoint     : Pre-authenticated entry point called. Rejecting access
2026-03-17T15:30:09.593+05:30 DEBUG 6000 --- [safeline] [nio-8085-exec-1] o.s.security.web.FilterChainProxy        : Securing HEAD /error
2026-03-17T15:30:09.594+05:30 DEBUG 6000 --- [safeline] [nio-8085-exec-1] o.s.security.web.FilterChainProxy        : Secured HEAD /error
2026-03-17T15:30:09.595+05:30 DEBUG 6000 --- [safeline] [nio-8085-exec-1] o.s.web.servlet.DispatcherServlet        : "ERROR" dispatch for HEAD "/error", parameters={}
2026-03-17T15:30:09.596+05:30 DEBUG 6000 --- [safeline] [nio-8085-exec-1] s.w.s.m.m.a.RequestMappingHandlerMapping : Mapped to org.springframework.boot.autoconfigure.web.servlet.error.BasicErrorController#error(HttpServletRequest)
2026-03-17T15:30:09.616+05:30 DEBUG 6000 --- [safeline] [nio-8085-exec-1] o.s.w.s.m.m.a.HttpEntityMethodProcessor  : Using 'application/json', given [*/*] and supported [application/json, application/*+json]
2026-03-17T15:30:09.616+05:30 DEBUG 6000 --- [safeline] [nio-8085-exec-1] o.s.w.s.m.m.a.HttpEntityMethodProcessor  : Writing [{timestamp=Tue Mar 17 15:30:09 IST 2026, status=403, error=Forbidden, path=/}]
2026-03-17T15:30:09.637+05:30 DEBUG 6000 --- [safeline] [nio-8085-exec-1] o.s.web.servlet.DispatcherServlet        : Exiting from "ERROR" dispatch, status 403
2026-03-17T15:30:09.638+05:30 DEBUG 6000 --- [safeline] [nio-8085-exec-1] o.s.s.w.a.AnonymousAuthenticationFilter  : Set SecurityContextHolder to anonymous SecurityContext
[INFO] ------------------------------------------------------------------------
[INFO] BUILD FAILURE
[INFO] ------------------------------------------------------------------------
[INFO] Total time:  03:14 min
[INFO] Finished at: 2026-03-17T15:32:10+05:30
[INFO] ------------------------------------------------------------------------
[ERROR] Failed to execute goal org.springframework.boot:spring-boot-maven-plugin:3.2.3:run (default-cli) on project safeline: Process terminated with exit code: -1 -> [Help 1]
[ERROR] 
[ERROR] To see the full stack trace of the errors, re-run Maven with the -e switch.
[ERROR] Re-run Maven using the -X switch to enable full debug logging.
[ERROR] 
[ERROR] For more information about the errors and possible solutions, please read the following articles:
[ERROR] [Help 1] http://cwiki.apache.org/confluence/display/MAVEN/MojoExecutionException
