[INFO] Scanning for projects...
[INFO] 
[INFO] -----------------------< com.safeline:safeline >------------------------
[INFO] Building safeline 0.0.1-SNAPSHOT
[INFO]   from pom.xml
[INFO] --------------------------------[ jar ]---------------------------------
[INFO] 
[INFO] >>> spring-boot:3.2.3:run (default-cli) > test-compile @ safeline >>>
[INFO] 
[INFO] --- resources:3.3.1:resources (default-resources) @ safeline ---
[INFO] Copying 1 resource from src\main\resources to target\classes
[INFO] Copying 0 resource from src\main\resources to target\classes
[INFO] 
[INFO] --- compiler:3.11.0:compile (default-compile) @ safeline ---
[INFO] Nothing to compile - all classes are up to date
[INFO] 
[INFO] --- resources:3.3.1:testResources (default-testResources) @ safeline ---
[INFO] skip non existing resourceDirectory D:\safeline\backend\src\test\resources
[INFO] 
[INFO] --- compiler:3.11.0:testCompile (default-testCompile) @ safeline ---
[INFO] No sources to compile
[INFO] 
[INFO] <<< spring-boot:3.2.3:run (default-cli) < test-compile @ safeline <<<
[INFO] 
[INFO] 
[INFO] --- spring-boot:3.2.3:run (default-cli) @ safeline ---
[INFO] Attaching agents: []

  .   ____          _            __ _ _
 /\\ / ___'_ __ _ _(_)_ __  __ _ \ \ \ \
( ( )\___ | '_ | '_| | '_ \/ _` | \ \ \ \
 \\/  ___)| |_)| | | | | || (_| |  ) ) ) )
  '  |____| .__|_| |_|_| |_\__, | / / / /
 =========|_|==============|___/=/_/_/_/
 :: Spring Boot ::                (v3.2.3)

2026-03-17T15:28:57.921+05:30  INFO 6000 --- [safeline] [           main] c.safeline.safeline.SafelineApplication  : Starting SafelineApplication using Java 17.0.12 with PID 6000 (D:\safeline\backend\target\classes started by tamil in D:\safeline\backend)
2026-03-17T15:28:57.922+05:30 DEBUG 6000 --- [safeline] [           main] c.safeline.safeline.SafelineApplication  : Running with Spring Boot v3.2.3, Spring v6.1.4
2026-03-17T15:28:57.923+05:30  INFO 6000 --- [safeline] [           main] c.safeline.safeline.SafelineApplication  : No active profile set, falling back to 1 default profile: "default"
2026-03-17T15:28:58.487+05:30  INFO 6000 --- [safeline] [           main] .s.d.r.c.RepositoryConfigurationDelegate : Bootstrapping Spring Data JPA repositories in DEFAULT mode.
2026-03-17T15:28:58.544+05:30  INFO 6000 --- [safeline] [           main] .s.d.r.c.RepositoryConfigurationDelegate : Finished Spring Data repository scanning in 48 ms. Found 10 JPA repository interfaces.
2026-03-17T15:28:59.150+05:30  INFO 6000 --- [safeline] [           main] o.s.b.w.embedded.tomcat.TomcatWebServer  : Tomcat initialized with port 8085 (http)
2026-03-17T15:28:59.162+05:30  INFO 6000 --- [safeline] [           main] o.apache.catalina.core.StandardService   : Starting service [Tomcat]
2026-03-17T15:28:59.163+05:30  INFO 6000 --- [safeline] [           main] o.apache.catalina.core.StandardEngine    : Starting Servlet engine: [Apache Tomcat/10.1.19]
2026-03-17T15:28:59.211+05:30  INFO 6000 --- [safeline] [           main] o.a.c.c.C.[Tomcat].[localhost].[/]       : Initializing Spring embedded WebApplicationContext
2026-03-17T15:28:59.212+05:30  INFO 6000 --- [safeline] [           main] w.s.c.ServletWebServerApplicationContext : Root WebApplicationContext: initialization completed in 1245 ms
2026-03-17T15:28:59.326+05:30  INFO 6000 --- [safeline] [           main] o.hibernate.jpa.internal.util.LogHelper  : HHH000204: Processing PersistenceUnitInfo [name: default]
2026-03-17T15:28:59.386+05:30  INFO 6000 --- [safeline] [           main] org.hibernate.Version                    : HHH000412: Hibernate ORM core version 6.4.4.Final
2026-03-17T15:28:59.415+05:30  INFO 6000 --- [safeline] [           main] o.h.c.internal.RegionFactoryInitiator    : HHH000026: Second-level cache disabled
2026-03-17T15:28:59.620+05:30  INFO 6000 --- [safeline] [           main] o.s.o.j.p.SpringPersistenceUnitInfo      : No LoadTimeWeaver setup: ignoring JPA class transformer
2026-03-17T15:28:59.641+05:30  WARN 6000 --- [safeline] [           main] com.zaxxer.hikari.HikariConfig           : HikariPool-1 - idleTimeout has been set but has no effect because the pool is operating as a fixed size pool.
2026-03-17T15:28:59.641+05:30  INFO 6000 --- [safeline] [           main] com.zaxxer.hikari.HikariDataSource       : HikariPool-1 - Starting...
2026-03-17T15:28:59.776+05:30  INFO 6000 --- [safeline] [           main] com.zaxxer.hikari.pool.HikariPool        : HikariPool-1 - Added connection org.postgresql.jdbc.PgConnection@26ffd2c0
2026-03-17T15:28:59.778+05:30  INFO 6000 --- [safeline] [           main] com.zaxxer.hikari.HikariDataSource       : HikariPool-1 - Start completed.
2026-03-17T15:29:00.670+05:30  INFO 6000 --- [safeline] [           main] o.h.e.t.j.p.i.JtaPlatformInitiator       : HHH000489: No JTA platform available (set 'hibernate.transaction.jta.platform' to enable JTA platform integration)
2026-03-17T15:29:00.834+05:30  INFO 6000 --- [safeline] [           main] j.LocalContainerEntityManagerFactoryBean : Initialized JPA EntityManagerFactory for persistence unit 'default'
2026-03-17T15:29:01.089+05:30  INFO 6000 --- [safeline] [           main] o.s.d.j.r.query.QueryEnhancerFactory     : Hibernate is in classpath; If applicable, HQL parser will be used.
2026-03-17T15:29:01.380+05:30 DEBUG 6000 --- [safeline] [           main] c.s.safeline.security.JwtAuthFilter      : Filter 'jwtAuthFilter' configured for use
2026-03-17T15:29:01.380+05:30 DEBUG 6000 --- [safeline] [           main] c.s.s.security.TenantHeaderFilter        : Filter 'tenantHeaderFilter' configured for use
2026-03-17T15:29:01.721+05:30  WARN 6000 --- [safeline] [           main] JpaBaseConfiguration$JpaWebConfiguration : spring.jpa.open-in-view is enabled by default. Therefore, database queries may be performed during view rendering. Explicitly configure spring.jpa.open-in-view to disable this warning
2026-03-17T15:29:01.887+05:30 DEBUG 6000 --- [safeline] [           main] s.w.s.m.m.a.RequestMappingHandlerMapping : 49 mappings in 'requestMappingHandlerMapping'
2026-03-17T15:29:01.928+05:30 DEBUG 6000 --- [safeline] [           main] o.s.w.s.handler.SimpleUrlHandlerMapping  : Patterns [/webjars/**, /**] in 'resourceHandlerMapping'
2026-03-17T15:29:01.975+05:30  INFO 6000 --- [safeline] [           main] o.s.s.web.DefaultSecurityFilterChain     : Will secure any request with [org.springframework.security.web.session.DisableEncodeUrlFilter@640c2749, org.springframework.security.web.context.request.async.WebAsyncManagerIntegrationFilter@57ab7b32, org.springframework.security.web.context.SecurityContextHolderFilter@4e1ffe54, org.springframework.security.web.header.HeaderWriterFilter@7d28d525, org.springframework.web.filter.CorsFilter@6285027a, org.springframework.security.web.authentication.logout.LogoutFilter@55105271, com.safeline.safeline.security.JwtAuthFilter@67726dd1, org.springframework.security.web.savedrequest.RequestCacheAwareFilter@32514766, org.springframework.security.web.servletapi.SecurityContextHolderAwareRequestFilter@720cbb7d, org.springframework.security.web.authentication.AnonymousAuthenticationFilter@5e834f3a, org.springframework.security.web.session.SessionManagementFilter@2251cc2e, org.springframework.security.web.access.ExceptionTranslationFilter@6b3bcab7, org.springframework.security.web.access.intercept.AuthorizationFilter@7f994055]
2026-03-17T15:29:02.054+05:30 DEBUG 6000 --- [safeline] [           main] s.w.s.m.m.a.RequestMappingHandlerAdapter : ControllerAdvice beans: 0 @ModelAttribute, 0 @InitBinder, 1 RequestBodyAdvice, 1 ResponseBodyAdvice
2026-03-17T15:29:02.088+05:30 DEBUG 6000 --- [safeline] [           main] .m.m.a.ExceptionHandlerExceptionResolver : ControllerAdvice beans: 1 @ExceptionHandler, 1 ResponseBodyAdvice
2026-03-17T15:29:02.202+05:30  INFO 6000 --- [safeline] [           main] o.s.b.w.embedded.tomcat.TomcatWebServer  : Tomcat started on port 8085 (http) with context path ''
2026-03-17T15:29:02.207+05:30  INFO 6000 --- [safeline] [           main] c.safeline.safeline.SafelineApplication  : Started SafelineApplication in 4.583 seconds (process running for 4.856)
DEBUG: TenantFilterAspect - Active Tenant ID: null
Hibernate: 
    select
        t1_0.id,
        t1_0.active,
        t1_0.created_at,
        t1_0.domain,
        t1_0.name 
    from
        tenants t1_0 
    where
        t1_0.domain=?
DEBUG: TenantFilterAspect - Active Tenant ID: null
Hibernate: 
    select
        count(*) 
    from
        roles r1_0
DEBUG: TenantFilterAspect - Active Tenant ID: null
Hibernate: 
    select
        u1_0.id,
        u1_0.created_at,
        u1_0.email,
        u1_0.enabled,
        u1_0.password,
        u1_0.tenant_id,
        u1_0.username 
    from
        users u1_0 
    where
        u1_0.username=?
Hibernate: 
    select
        r1_0.user_id,
        r1_1.id,
        r1_1.name,
        p1_0.role_id,
        p1_1.id,
        p1_1.name,
        p1_1.tenant_id,
        r1_1.tenant_id 
    from
        user_roles r1_0 
    join
        roles r1_1 
            on r1_1.id=r1_0.role_id 
    left join
        role_permissions p1_0 
            on r1_1.id=p1_0.role_id 
    left join
        permissions p1_1 
            on p1_1.id=p1_0.permission_id 
    where
        r1_0.user_id=?
DEBUG: TenantFilterAspect - Active Tenant ID: null
Hibernate: 
    select
        t1_0.id,
        t1_0.active,
        t1_0.created_at,
        t1_0.domain,
        t1_0.name 
    from
        tenants t1_0
DEBUG: TenantFilterAspect - Active Tenant ID: null
Hibernate: 
    select
        c1_0.id,
        c1_0.description,
        c1_0.name,
        c1_0.tenant_id 
    from
        categories c1_0 
    left join
        tenants t1_0 
            on t1_0.id=c1_0.tenant_id 
    where
        t1_0.id=?
DEBUG: TenantFilterAspect - Active Tenant ID: null
Hibernate: 
    select
        c1_0.id,
        c1_0.description,
        c1_0.name,
        c1_0.tenant_id 
    from
        categories c1_0 
    left join
        tenants t1_0 
            on t1_0.id=c1_0.tenant_id 
    where
        t1_0.id=?
DEBUG: TenantFilterAspect - Active Tenant ID: null
Hibernate: 
    select
        c1_0.id,
        c1_0.description,
        c1_0.name,
        c1_0.tenant_id 
    from
        categories c1_0 
    left join
        tenants t1_0 
            on t1_0.id=c1_0.tenant_id 
    where
        t1_0.id=?
DEBUG: TenantFilterAspect - Active Tenant ID: null
Hibernate: 
    select
        count(*) 
    from
        security_logs sl1_0
DEBUG: TenantFilterAspect - Active Tenant ID: null
Hibernate: 
    select
        count(*) 
    from
        complaints c1_0
2026-03-17T15:30:09.567+05:30  INFO 6000 --- [safeline] [nio-8085-exec-1] o.a.c.c.C.[Tomcat].[localhost].[/]       : Initializing Spring DispatcherServlet 'dispatcherServlet'
2026-03-17T15:30:09.567+05:30  INFO 6000 --- [safeline] [nio-8085-exec-1] o.s.web.servlet.DispatcherServlet        : Initializing Servlet 'dispatcherServlet'
2026-03-17T15:30:09.568+05:30 DEBUG 6000 --- [safeline] [nio-8085-exec-1] o.s.web.servlet.DispatcherServlet        : Detected StandardServletMultipartResolver
2026-03-17T15:30:09.568+05:30 DEBUG 6000 --- [safeline] [nio-8085-exec-1] o.s.web.servlet.DispatcherServlet        : Detected AcceptHeaderLocaleResolver
2026-03-17T15:30:09.568+05:30 DEBUG 6000 --- [safeline] [nio-8085-exec-1] o.s.web.servlet.DispatcherServlet        : Detected FixedThemeResolver
2026-03-17T15:30:09.568+05:30 DEBUG 6000 --- [safeline] [nio-8085-exec-1] o.s.web.servlet.DispatcherServlet        : Detected org.springframework.web.servlet.view.DefaultRequestToViewNameTranslator@63f1d374
2026-03-17T15:30:09.569+05:30 DEBUG 6000 --- [safeline] [nio-8085-exec-1] o.s.web.servlet.DispatcherServlet        : Detected org.springframework.web.servlet.support.SessionFlashMapManager@1100363d
2026-03-17T15:30:09.569+05:30 DEBUG 6000 --- [safeline] [nio-8085-exec-1] o.s.web.servlet.DispatcherServlet        : enableLoggingRequestDetails='false': request parameters and headers will be masked to prevent unsafe logging of potentially sensitive data
2026-03-17T15:30:09.569+05:30  INFO 6000 --- [safeline] [nio-8085-exec-1] o.s.web.servlet.DispatcherServlet        : Completed initialization in 1 ms
2026-03-17T15:30:09.578+05:30 DEBUG 6000 --- [safeline] [nio-8085-exec-1] o.s.security.web.FilterChainProxy        : Securing HEAD /
2026-03-17T15:30:09.583+05:30 DEBUG 6000 --- [safeline] [nio-8085-exec-1] o.s.s.w.a.AnonymousAuthenticationFilter  : Set SecurityContextHolder to anonymous SecurityContext
2026-03-17T15:30:09.585+05:30 DEBUG 6000 --- [safeline] [nio-8085-exec-1] o.s.s.w.a.Http403ForbiddenEntryPoint     : Pre-authenticated entry point called. Rejecting access
2026-03-17T15:30:09.593+05:30 DEBUG 6000 --- [safeline] [nio-8085-exec-1] o.s.security.web.FilterChainProxy        : Securing HEAD /error
2026-03-17T15:30:09.594+05:30 DEBUG 6000 --- [safeline] [nio-8085-exec-1] o.s.security.web.FilterChainProxy        : Secured HEAD /error
2026-03-17T15:30:09.595+05:30 DEBUG 6000 --- [safeline] [nio-8085-exec-1] o.s.web.servlet.DispatcherServlet        : "ERROR" dispatch for HEAD "/error", parameters={}
2026-03-17T15:30:09.596+05:30 DEBUG 6000 --- [safeline] [nio-8085-exec-1] s.w.s.m.m.a.RequestMappingHandlerMapping : Mapped to org.springframework.boot.autoconfigure.web.servlet.error.BasicErrorController#error(HttpServletRequest)
2026-03-17T15:30:09.616+05:30 DEBUG 6000 --- [safeline] [nio-8085-exec-1] o.s.w.s.m.m.a.HttpEntityMethodProcessor  : Using 'application/json', given [*/*] and supported [application/json, application/*+json]
2026-03-17T15:30:09.616+05:30 DEBUG 6000 --- [safeline] [nio-8085-exec-1] o.s.w.s.m.m.a.HttpEntityMethodProcessor  : Writing [{timestamp=Tue Mar 17 15:30:09 IST 2026, status=403, error=Forbidden, path=/}]
2026-03-17T15:30:09.637+05:30 DEBUG 6000 --- [safeline] [nio-8085-exec-1] o.s.web.servlet.DispatcherServlet        : Exiting from "ERROR" dispatch, status 403
2026-03-17T15:30:09.638+05:30 DEBUG 6000 --- [safeline] [nio-8085-exec-1] o.s.s.w.a.AnonymousAuthenticationFilter  : Set SecurityContextHolder to anonymous SecurityContext
[INFO] ------------------------------------------------------------------------
[INFO] BUILD FAILURE
[INFO] ------------------------------------------------------------------------
[INFO] Total time:  03:14 min
[INFO] Finished at: 2026-03-17T15:32:10+05:30
[INFO] ------------------------------------------------------------------------
[ERROR] Failed to execute goal org.springframework.boot:spring-boot-maven-plugin:3.2.3:run (default-cli) on project safeline: Process terminated with exit code: -1 -> [Help 1]
[ERROR] 
[ERROR] To see the full stack trace of the errors, re-run Maven with the -e switch.
[ERROR] Re-run Maven using the -X switch to enable full debug logging.
[ERROR] 
[ERROR] For more information about the errors and possible solutions, please read the following articles:
[ERROR] [Help 1] http://cwiki.apache.org/confluence/display/MAVEN/MojoExecutionException
